// Jest Snapshot v1, https://goo.gl/fbAQLP

exports[`ArtistQuestionScreen component render correctly 1`] = `
<section
  className="game__screen"
>
  <h2
    className="game__title"
  >
    Кто исполняет эту песню?
  </h2>
  <div
    className="game__track"
  >
    <div
      className="track"
    >
      <button
        className="track__button track__button--play"
        disabled={true}
        onClick={[Function]}
        type="button"
      />
      <div
        className="track__status"
      >
        <audio />
      </div>
    </div>
  </div>
  <form
    className="game__artist"
    onChange={[Function]}
  >
    <div
      className="artist"
    >
      <input
        className="artist__input visually-hidden"
        id="answer-0"
        name="answer"
        type="radio"
        value="{\\"picture\\":\\"https://htmlacademy-react-2.appspot.com/guess-melody/static/artist/Quincas_Moreira.jpg\\",\\"artist\\":\\"Quincas Moreira\\"}"
      />
      <label
        className="artist__name"
        htmlFor="answer-0"
      >
        <img
          alt="Quincas Moreira"
          className="artist__picture"
          src="https://htmlacademy-react-2.appspot.com/guess-melody/static/artist/Quincas_Moreira.jpg"
        />
        Quincas Moreira
      </label>
    </div>
    <div
      className="artist"
    >
      <input
        className="artist__input visually-hidden"
        id="answer-1"
        name="answer"
        type="radio"
        value="{\\"picture\\":\\"https://htmlacademy-react-2.appspot.com/guess-melody/static/artist/Endless_Love.jpg\\",\\"artist\\":\\"Endless Love\\"}"
      />
      <label
        className="artist__name"
        htmlFor="answer-1"
      >
        <img
          alt="Endless Love"
          className="artist__picture"
          src="https://htmlacademy-react-2.appspot.com/guess-melody/static/artist/Endless_Love.jpg"
        />
        Endless Love
      </label>
    </div>
    <div
      className="artist"
    >
      <input
        className="artist__input visually-hidden"
        id="answer-2"
        name="answer"
        type="radio"
        value="{\\"picture\\":\\"https://htmlacademy-react-2.appspot.com/guess-melody/static/artist/Devon_Church.jpg\\",\\"artist\\":\\"Devon Church\\"}"
      />
      <label
        className="artist__name"
        htmlFor="answer-2"
      >
        <img
          alt="Devon Church"
          className="artist__picture"
          src="https://htmlacademy-react-2.appspot.com/guess-melody/static/artist/Devon_Church.jpg"
        />
        Devon Church
      </label>
    </div>
  </form>
</section>
`;
